// Jest Snapshot v1, https://goo.gl/fbAQLP

exports[`should render Header correctly 1`] = `
<header
  className="header"
>
  <div
    className="container"
  >
    <div
      className="row"
    >
      <Col
        className="p-0"
      >
        <Navbar
          className="justify-content-center"
          collapseOnSelect={false}
          expand="lg"
          variant="dark"
        >
          <Col
            className="header__logo-wrapper"
            lg={2}
            xs={12}
          >
            <NavbarBrand
              href="/home"
            >
              <Image
                fluid={false}
                rounded={false}
                roundedCircle={false}
                src="images/contacts_logo.png"
                thumbnail={false}
              />
            </NavbarBrand>
            <NavbarToggle
              aria-controls="basic-navbar-nav"
              label="Toggle navigation"
            />
          </Col>
          <Col
            className="header__nav-wrapper"
            lg={10}
            xs={12}
          >
            <NavbarCollapse
              id="basic-navbar-nav"
            >
              <Nav
                className="ml-auto"
                fill={false}
                justify={false}
              >
                <NavLink
                  className="nav-link"
                  to="/home"
                >
                  Home
                </NavLink>
                <NavLink
                  className="nav-link"
                  to="/profile"
                >
                  Profile
                </NavLink>
                <NavLink
                  className="nav-link"
                  to="/contacts"
                >
                  Contacts
                </NavLink>
                <button
                  className="nav-link"
                  onClick={[MockFunction]}
                >
                  Logout
                </button>
              </Nav>
            </NavbarCollapse>
          </Col>
        </Navbar>
      </Col>
    </div>
  </div>
</header>
`;
